// Jest Snapshot v1, https://goo.gl/fbAQLP

exports[`configUiFactory matches the snapshot 1`] = `
<div
  className="test-group"
>
  <div
    className="f-0"
  >
    <div
      className="caldera-config-group"
    >
      <label
        htmlFor="tags"
      >
        Tags
      </label>
      <input
        aria-describedby={null}
        className="field-config"
        id="tags"
        onChange={[Function]}
        required={false}
        type="text"
        value={undefined}
      />
    </div>
  </div>
  <div
    className="f-1"
  >
    <div
      className="caldera-config-group"
    >
      <label
        htmlFor="seq"
      >
        Sequence ID
      </label>
      <input
        aria-describedby={null}
        className="field-config"
        id="seq"
        onChange={[Function]}
        required={false}
        type="hidden"
        value={undefined}
      />
    </div>
  </div>
</div>
`;
